[
  {
    "command": "clang++ -MMD -MF obj/gen/include/bindings/libinstall_attributes-proto.install_attributes.pb.o.d -D_LARGEFILE_SOURCE -D_LARGEFILE64_SOURCE -D_FILE_OFFSET_BITS=64 -Igen/include/bindings -Igen/include -I/usr/local/google/home/oka/os2/src/platform2 -I/usr/local/google/home/oka/os2/chroot/build/amd64-generic/usr/include -Igen -Wall -Wunused -Wbool-operation -Wfree-nonheap-object -Wint-in-bool-context -Wstring-compare -Wstring-plus-int -Wxor-used-as-pow -Wimplicit-int-float-conversion -Wno-c99-designator -Wno-unused-parameter -Wunreachable-code -Wunreachable-code-return -ggdb3 -fstack-protector-strong -Wformat=2 -fvisibility=internal -Wa,--noexecstack -Wimplicit-fallthrough -Werror --sysroot=/usr/local/google/home/oka/os2/chroot/build/amd64-generic -fPIE -fPIC -Wno-unreachable-code -Wno-deprecated-declarations -std=gnu++17 -D_FILE_OFFSET_BITS=64 -D_LARGEFILE_SOURCE -D_LARGEFILE64_SOURCE -Os -pipe -march=x86-64 -msse3 -g -ffunction-sections -fdata-sections -fno-exceptions -fno-unwind-tables -fno-asynchronous-unwind-tables -c gen/include/bindings/install_attributes.pb.cc -o obj/gen/include/bindings/libinstall_attributes-proto.install_attributes.pb.o -stdlib=libc++",
    "directory": "/usr/local/google/home/oka/os2/chroot/build/amd64-generic/var/cache/portage/chromeos-base/cryptohome/out/Default",
    "file": "gen/include/bindings/install_attributes.pb.cc",
    "output": "obj/gen/include/bindings/libinstall_attributes-proto.install_attributes.pb.o"
  },
  {
    "command": "clang++ -MMD -MF obj/cryptohome/bootlockbox/bootlockboxd.boot_lockbox_dbus_adaptor.o.d -D_LARGEFILE_SOURCE -D_LARGEFILE64_SOURCE -D_FILE_OFFSET_BITS=64 -DPLATFORM_FWMP_INDEX=false -DUSE_PINWEAVER=true -DUSE_SELINUX=false -DUSE_TPM_DYNAMIC=false -DUSE_TPM_INSECURE_FALLBACK=false -DUSE_TPM1=false -DUSE_TPM2=true -DUSE_TPM2_SIMULATOR=false -DUSE_VTPM_PROXY=false -DUSE_DOUBLE_EXTEND_PCR_ISSUE=false -DUSE_MOUNT_OOP=false -DUSE_USER_SESSION_ISOLATION=false -DUSE_SLOW_MOUNT=false -Igen/include -I/usr/local/google/home/oka/os2/src/platform2 -I/usr/local/google/home/oka/os2/chroot/build/amd64-generic/usr/include -Igen -I/usr/local/google/home/oka/os2/chroot/build/amd64-generic/usr/include/cryptohome/proto_bindings -Wall -Wunused -Wbool-operation -Wfree-nonheap-object -Wint-in-bool-context -Wstring-compare -Wstring-plus-int -Wxor-used-as-pow -Wimplicit-int-float-conversion -Wno-c99-designator -Wno-unused-parameter -Wunreachable-code -Wunreachable-code-return -ggdb3 -fstack-protector-strong -Wformat=2 -fvisibility=internal -Wa,--noexecstack -Wimplicit-fallthrough -Werror --sysroot=/usr/local/google/home/oka/os2/chroot/build/eve -fPIE -DUSE_RTTI_FOR_TYPE_TAGS -pthread -Wno-unused-local-typedefs -DBASE_VER=959929 -pthread -I/usr/local/google/home/oka/os2/chroot/build/amd64-generic/usr/include/chromeos -I/usr/local/google/home/oka/os2/chroot/build/amd64-generic/usr/include/libusb-1.0 -I/usr/local/google/home/oka/os2/chroot/build/amd64-generic/usr/include/libchrome -I/usr/local/google/home/oka/os2/chroot/build/amd64-generic/usr/include/perfetto -I/usr/local/google/home/oka/os2/chroot/build/amd64-generic/usr/include/glib-2.0 -I/usr/local/google/home/oka/os2/chroot/build/amd64-generic/usr/lib64/glib-2.0/include -I/usr/local/google/home/oka/os2/chroot/build/amd64-generic/usr/include/nss -I/usr/local/google/home/oka/os2/chroot/build/amd64-generic/usr/include/nspr -I/usr/local/google/home/oka/os2/chroot/build/amd64-generic/usr/include/dbus-1.0 -I/usr/local/google/home/oka/os2/chroot/build/amd64-generic/usr/lib64/dbus-1.0/include -I/usr/local/google/home/oka/os2/chroot/build/amd64-generic/usr/include/shill-client -Wno-unused-local-typedefs -DBASE_VER=959929 -pthread -I/usr/local/google/home/oka/os2/chroot/build/amd64-generic/usr/include/libchrome -I/usr/local/google/home/oka/os2/chroot/build/amd64-generic/usr/include/perfetto -I/usr/local/google/home/oka/os2/chroot/build/amd64-generic/usr/include/glib-2.0 -I/usr/local/google/home/oka/os2/chroot/build/amd64-generic/usr/lib64/glib-2.0/include -I/usr/local/google/home/oka/os2/chroot/build/amd64-generic/usr/include/nss -I/usr/local/google/home/oka/os2/chroot/build/amd64-generic/usr/include/nspr -I/usr/local/google/home/oka/os2/chroot/build/amd64-generic/usr/include/dbus-1.0 -I/usr/local/google/home/oka/os2/chroot/build/amd64-generic/usr/lib64/dbus-1.0/include -DUSE_RTTI_FOR_TYPE_TAGS -pthread -Wno-unused-local-typedefs -DBASE_VER=959929 -pthread -I/usr/local/google/home/oka/os2/chroot/build/amd64-generic/usr/include/chromeos -I/usr/local/google/home/oka/os2/chroot/build/amd64-generic/usr/include/libusb-1.0 -I/usr/local/google/home/oka/os2/chroot/build/amd64-generic/usr/include/libchrome -I/usr/local/google/home/oka/os2/chroot/build/amd64-generic/usr/include/perfetto -I/usr/local/google/home/oka/os2/chroot/build/amd64-generic/usr/include/glib-2.0 -I/usr/local/google/home/oka/os2/chroot/build/amd64-generic/usr/lib64/glib-2.0/include -I/usr/local/google/home/oka/os2/chroot/build/amd64-generic/usr/include/nss -I/usr/local/google/home/oka/os2/chroot/build/amd64-generic/usr/include/nspr -I/usr/local/google/home/oka/os2/chroot/build/amd64-generic/usr/include/dbus-1.0 -I/usr/local/google/home/oka/os2/chroot/build/amd64-generic/usr/lib64/dbus-1.0/include -I/usr/local/google/home/oka/os2/chroot/build/amd64-generic/usr/include/shill-client -Wno-unused-local-typedefs -DBASE_VER=959929 -pthread -I/usr/local/google/home/oka/os2/chroot/build/amd64-generic/usr/include/libchrome -I/usr/local/google/home/oka/os2/chroot/build/amd64-generic/usr/include/perfetto -I/usr/local/google/home/oka/os2/chroot/build/amd64-generic/usr/include/glib-2.0 -I/usr/local/google/home/oka/os2/chroot/build/amd64-generic/usr/lib64/glib-2.0/include -I/usr/local/google/home/oka/os2/chroot/build/amd64-generic/usr/include/nss -I/usr/local/google/home/oka/os2/chroot/build/amd64-generic/usr/include/nspr -I/usr/local/google/home/oka/os2/chroot/build/amd64-generic/usr/include/dbus-1.0 -I/usr/local/google/home/oka/os2/chroot/build/amd64-generic/usr/lib64/dbus-1.0/include -std=gnu++17 -D_FILE_OFFSET_BITS=64 -D_LARGEFILE_SOURCE -D_LARGEFILE64_SOURCE -Os -pipe -march=skylake -g -ffunction-sections -fdata-sections -fno-exceptions -fno-unwind-tables -fno-asynchronous-unwind-tables -c /usr/local/google/home/oka/os2/src/platform2/cryptohome/bootlockbox/boot_lockbox_dbus_adaptor.cc -o obj/cryptohome/bootlockbox/bootlockboxd.boot_lockbox_dbus_adaptor.o -stdlib=libc++",
    "directory": "/usr/local/google/home/oka/os2/chroot/build/amd64-generic/var/cache/portage/chromeos-base/cryptohome/out/Default",
    "file": "/usr/local/google/home/oka/os2/src/platform2/cryptohome/bootlockbox/boot_lockbox_dbus_adaptor.cc",
    "output": "obj/cryptohome/bootlockbox/bootlockboxd.boot_lockbox_dbus_adaptor.o"
  }
]
