[
  {
    "command": "clang++ -MMD -MF obj/codelab/codelab.main.o.d -D_LARGEFILE_SOURCE -D_LARGEFILE64_SOURCE -D_FILE_OFFSET_BITS=64 -Igen/include -I/usr/local/google/home/oka/os2/src/platform2 -I/usr/local/google/home/oka/os2/chroot/build/amd64-generic/usr/include -Wall -Wunused -Wbool-operation -Wfree-nonheap-object -Wint-in-bool-context -Wstring-compare -Wstring-plus-int -Wxor-used-as-pow -Wimplicit-int-float-conversion -Wno-c99-designator -Wno-unused-parameter -Wunreachable-code -Wunreachable-code-return -ggdb3 -fstack-protector-strong -Wformat=2 -fvisibility=internal -Wa,--noexecstack -Wimplicit-fallthrough -Werror --sysroot=/usr/local/google/home/oka/os2/chroot/build/amd64-generic -fPIE -DUSE_RTTI_FOR_TYPE_TAGS -pthread -Wno-unused-local-typedefs -DBASE_VER=959929 -pthread -I/usr/local/google/home/oka/os2/chroot/build/amd64-generic/usr/include/chromeos -I/usr/local/google/home/oka/os2/chroot/build/amd64-generic/usr/include/libusb-1.0 -I/usr/local/google/home/oka/os2/chroot/build/amd64-generic/usr/include/libchrome -I/usr/local/google/home/oka/os2/chroot/build/amd64-generic/usr/include/perfetto -I/usr/local/google/home/oka/os2/chroot/build/amd64-generic/usr/include/glib-2.0 -I/usr/local/google/home/oka/os2/chroot/build/amd64-generic/usr/lib64/glib-2.0/include -I/usr/local/google/home/oka/os2/chroot/build/amd64-generic/usr/include/nss -I/usr/local/google/home/oka/os2/chroot/build/amd64-generic/usr/include/nspr -I/usr/local/google/home/oka/os2/chroot/build/amd64-generic/usr/include/dbus-1.0 -I/usr/local/google/home/oka/os2/chroot/build/amd64-generic/usr/lib64/dbus-1.0/include -std=gnu++17 -D_FILE_OFFSET_BITS=64 -D_LARGEFILE_SOURCE -D_LARGEFILE64_SOURCE -D_FILE_OFFSET_BITS=64 -D_LARGEFILE_SOURCE -D_LARGEFILE64_SOURCE -Os -pipe -march=x86-64 -msse3 -g -ffunction-sections -fdata-sections -fno-exceptions -fno-unwind-tables -fno-asynchronous-unwind-tables -c /usr/local/google/home/oka/os2/src/platform2/codelab/main.cc -o obj/codelab/codelab.main.o -stdlib=libc++",
    "directory": "/usr/local/google/home/oka/os2/chroot/build/amd64-generic/tmp/portage/chromeos-base/codelab-9999/work/build/out/Default",
    "file": "/usr/local/google/home/oka/os2/src/platform2/codelab/main.cc",
    "output": "obj/codelab/codelab.main.o"
  },
  {
    "command": "clang++ -MMD -MF obj/codelab/libcodelab.codelab.o.d -D_LARGEFILE_SOURCE -D_LARGEFILE64_SOURCE -D_FILE_OFFSET_BITS=64 -Igen/include -I/usr/local/google/home/oka/os2/src/platform2 -I/usr/local/google/home/oka/os2/chroot/build/amd64-generic/usr/include -Wall -Wunused -Wbool-operation -Wfree-nonheap-object -Wint-in-bool-context -Wstring-compare -Wstring-plus-int -Wxor-used-as-pow -Wimplicit-int-float-conversion -Wno-c99-designator -Wno-unused-parameter -Wunreachable-code -Wunreachable-code-return -ggdb3 -fstack-protector-strong -Wformat=2 -fvisibility=internal -Wa,--noexecstack -Wimplicit-fallthrough -Werror --sysroot=/usr/local/google/home/oka/os2/chroot/build/amd64-generic -fPIE -DUSE_RTTI_FOR_TYPE_TAGS -pthread -Wno-unused-local-typedefs -DBASE_VER=959929 -pthread -I/usr/local/google/home/oka/os2/chroot/build/amd64-generic/usr/include/chromeos -I/usr/local/google/home/oka/os2/chroot/build/amd64-generic/usr/include/libusb-1.0 -I/usr/local/google/home/oka/os2/chroot/build/amd64-generic/usr/include/libchrome -I/usr/local/google/home/oka/os2/chroot/build/amd64-generic/usr/include/perfetto -I/usr/local/google/home/oka/os2/chroot/build/amd64-generic/usr/include/glib-2.0 -I/usr/local/google/home/oka/os2/chroot/build/amd64-generic/usr/lib64/glib-2.0/include -I/usr/local/google/home/oka/os2/chroot/build/amd64-generic/usr/include/nss -I/usr/local/google/home/oka/os2/chroot/build/amd64-generic/usr/include/nspr -I/usr/local/google/home/oka/os2/chroot/build/amd64-generic/usr/include/dbus-1.0 -I/usr/local/google/home/oka/os2/chroot/build/amd64-generic/usr/lib64/dbus-1.0/include -std=gnu++17 -D_FILE_OFFSET_BITS=64 -D_LARGEFILE_SOURCE -D_LARGEFILE64_SOURCE -D_FILE_OFFSET_BITS=64 -D_LARGEFILE_SOURCE -D_LARGEFILE64_SOURCE -Os -pipe -march=x86-64 -msse3 -g -ffunction-sections -fdata-sections -fno-exceptions -fno-unwind-tables -fno-asynchronous-unwind-tables -c /usr/local/google/home/oka/os2/src/platform2/codelab/codelab.cc -o obj/codelab/libcodelab.codelab.o -stdlib=libc++",
    "directory": "/usr/local/google/home/oka/os2/chroot/build/amd64-generic/tmp/portage/chromeos-base/codelab-9999/work/build/out/Default",
    "file": "/usr/local/google/home/oka/os2/src/platform2/codelab/codelab.cc",
    "output": "obj/codelab/libcodelab.codelab.o"
  }
]
